greenhouse:0x -> dead (HTTP Error 404: Not Found)
greenhouse:100x -> dead (HTTP Error 404: Not Found)
greenhouse:10xgenomics -> dead (HTTP Error 404: Not Found)
greenhouse:8thwall -> dead (HTTP Error 404: Not Found)
greenhouse:acelerate -> dead (HTTP Error 404: Not Found)
greenhouse:aclima -> dead (HTTP Error 404: Not Found)
greenhouse:acrisureinnovation -> dead (HTTP Error 404: Not Found)
greenhouse:adhocteam -> dead (HTTP Error 404: Not Found)
greenhouse:adim -> dead (HTTP Error 404: Not Found)
greenhouse:admarketplaceinc -> dead (HTTP Error 404: Not Found)
greenhouse:aetion -> dead (HTTP Error 404: Not Found)
greenhouse:airbyte -> dead (HTTP Error 404: Not Found)
greenhouse:alma -> dead (HTTP Error 404: Not Found)
greenhouse:alt -> dead (HTTP Error 404: Not Found)
greenhouse:alto -> dead (HTTP Error 404: Not Found)
greenhouse:ambiencehealthcare -> dead (HTTP Error 404: Not Found)
greenhouse:aminohealth -> dead (HTTP Error 404: Not Found)
greenhouse:amplitude -> dead (HTTP Error 404: Not Found)
greenhouse:amun -> dead (HTTP Error 404: Not Found)
greenhouse:appannie -> dead (HTTP Error 404: Not Found)
greenhouse:applytofortue -> dead (HTTP Error 404: Not Found)
greenhouse:applytoguava -> dead (HTTP Error 404: Not Found)
greenhouse:applytonavvable -> dead (HTTP Error 404: Not Found)
greenhouse:applytowaysync -> dead (HTTP Error 404: Not Found)
greenhouse:aptible -> dead (HTTP Error 404: Not Found)
greenhouse:arcadiacareers -> dead (HTTP Error 404: Not Found)
greenhouse:around -> dead (HTTP Error 404: Not Found)
greenhouse:ascertain -> dead (HTTP Error 404: Not Found)
greenhouse:aspireiq -> dead (HTTP Error 404: Not Found)
greenhouse:assembled -> dead (HTTP Error 404: Not Found)
greenhouse:atherdigital -> dead (HTTP Error 404: Not Found)
greenhouse:atolla -> dead (HTTP Error 404: Not Found)
greenhouse:atticus -> dead (HTTP Error 404: Not Found)
greenhouse:avalabs -> dead (HTTP Error 404: Not Found)
greenhouse:avalabsecosystem -> dead (HTTP Error 404: Not Found)
greenhouse:avea -> dead (HTTP Error 404: Not Found)
greenhouse:bcgdv -> dead (HTTP Error 404: Not Found)
greenhouse:beacon67 -> dead (HTTP Error 404: Not Found)
greenhouse:beacons -> dead (HTTP Error 404: Not Found)
greenhouse:beanstalk -> dead (HTTP Error 404: Not Found)
greenhouse:bensonhillinc -> dead (HTTP Error 404: Not Found)
greenhouse:betterup -> dead (HTTP Error 404: Not Found)
greenhouse:bevy -> dead (HTTP Error 404: Not Found)
greenhouse:bittrex -> dead (HTTP Error 404: Not Found)
greenhouse:bluecove -> dead (HTTP Error 404: Not Found)
greenhouse:bluevine -> dead (HTTP Error 404: Not Found)
greenhouse:bobsledinc -> dead (HTTP Error 404: Not Found)
greenhouse:boilerroom -> dead (HTTP Error 404: Not Found)
greenhouse:bondfinancialtechnologies -> dead (HTTP Error 404: Not Found)
greenhouse:braintree -> dead (HTTP Error 404: Not Found)
greenhouse:cadencesolutions -> dead (HTTP Error 404: Not Found)
greenhouse:caffeine -> dead (HTTP Error 404: Not Found)
greenhouse:campusedu -> dead (HTTP Error 404: Not Found)
greenhouse:canva -> dead (HTTP Error 404: Not Found)
greenhouse:carerev -> dead (HTTP Error 404: Not Found)
greenhouse:chainalysis -> dead (HTTP Error 404: Not Found)
greenhouse:chalkinc -> dead (HTTP Error 404: Not Found)
greenhouse:changeorg58 -> dead (HTTP Error 404: Not Found)
greenhouse:chanzuckerbergbiohubinternship -> dead (HTTP Error 404: Not Found)
greenhouse:charnetwork -> dead (HTTP Error 404: Not Found)
greenhouse:chronosphere -> dead (HTTP Error 404: Not Found)
greenhouse:circle -> dead (HTTP Error 404: Not Found)
greenhouse:classkick -> dead (HTTP Error 404: Not Found)
greenhouse:classy -> dead (HTTP Error 404: Not Found)
greenhouse:cleoai -> dead (HTTP Error 404: Not Found)
greenhouse:clickhouse -> dead (HTTP Error 404: Not Found)
greenhouse:clipboardhealth -> dead (HTTP Error 404: Not Found)
greenhouse:closedloop -> dead (HTTP Error 404: Not Found)
greenhouse:cloudbees -> dead (HTTP Error 404: Not Found)
greenhouse:coindesk -> dead (HTTP Error 404: Not Found)
greenhouse:connectedfitness -> dead (HTTP Error 404: Not Found)
greenhouse:contextualai -> dead (HTTP Error 404: Not Found)
greenhouse:convoy -> dead (HTTP Error 404: Not Found)
greenhouse:coursekey -> dead (HTTP Error 404: Not Found)
greenhouse:creditkarma -> dead (HTTP Error 404: Not Found)
greenhouse:cruise -> dead (HTTP Error 404: Not Found)
greenhouse:curativeinc -> dead (HTTP Error 404: Not Found)
greenhouse:cylera -> dead (HTTP Error 404: Not Found)
greenhouse:dashworks -> dead (HTTP Error 404: Not Found)
greenhouse:dbtlabsinc -> dead (HTTP Error 404: Not Found)
greenhouse:deepmind -> dead (HTTP Error 404: Not Found)
greenhouse:dialoguehealthtechnologiesinc -> dead (HTTP Error 404: Not Found)
greenhouse:dittoliveincorporated -> dead (HTTP Error 404: Not Found)
greenhouse:doordash -> dead (HTTP Error 404: Not Found)
greenhouse:drop -> dead (HTTP Error 404: Not Found)
greenhouse:dustyrobotics -> dead (HTTP Error 404: Not Found)
greenhouse:easypost -> dead (HTTP Error 404: Not Found)
greenhouse:edx -> dead (HTTP Error 404: Not Found)
greenhouse:eightsleep -> dead (HTTP Error 404: Not Found)
greenhouse:eleanorhealth -> dead (HTTP Error 404: Not Found)
greenhouse:elementary -> dead (HTTP Error 404: Not Found)
greenhouse:elementaryrobotics -> dead (HTTP Error 404: Not Found)
greenhouse:embed -> dead (HTTP Error 404: Not Found)
greenhouse:emotiveio -> dead (HTTP Error 404: Not Found)
greenhouse:esusu -> dead (HTTP Error 404: Not Found)
greenhouse:fairwinds -> dead (HTTP Error 404: Not Found)
greenhouse:farmstead -> dead (HTTP Error 404: Not Found)
greenhouse:feather -> dead (HTTP Error 404: Not Found)
greenhouse:feedbackloop -> dead (HTTP Error 404: Not Found)
greenhouse:fig -> dead (HTTP Error 404: Not Found)
greenhouse:fireworkcareers -> dead (HTTP Error 404: Not Found)
greenhouse:firstlookmedia -> dead (HTTP Error 404: Not Found)
greenhouse:firstresonance -> dead (HTTP Error 404: Not Found)
greenhouse:fluxai -> dead (HTTP Error 404: Not Found)
greenhouse:forallsecure -> dead (HTTP Error 404: Not Found)
greenhouse:forerunner -> dead (HTTP Error 404: Not Found)
greenhouse:forestry -> dead (HTTP Error 404: Not Found)
greenhouse:forgerock -> dead (HTTP Error 404: Not Found)
greenhouse:fossa -> dead (HTTP Error 404: Not Found)
greenhouse:foundrytechnologiesinc -> dead (HTTP Error 404: Not Found)
greenhouse:foursquare26 -> dead (HTTP Error 404: Not Found)
greenhouse:friendsurance -> dead (HTTP Error 404: Not Found)
greenhouse:fullstory -> dead (HTTP Error 404: Not Found)
greenhouse:geneva -> dead (HTTP Error 404: Not Found)
greenhouse:gigster -> dead (HTTP Error 404: Not Found)
greenhouse:github -> dead (HTTP Error 404: Not Found)
greenhouse:globalincomecoin -> dead (HTTP Error 404: Not Found)
greenhouse:glossgenius -> dead (HTTP Error 404: Not Found)
greenhouse:goclio -> dead (HTTP Error 404: Not Found)
greenhouse:gradientcomfort -> dead (HTTP Error 404: Not Found)
greenhouse:greenparksports -> dead (HTTP Error 404: Not Found)
greenhouse:griffin -> dead (HTTP Error 404: Not Found)
greenhouse:grindr -> dead (HTTP Error 404: Not Found)
greenhouse:gro -> dead (HTTP Error 404: Not Found)
greenhouse:growtherapy -> dead (HTTP Error 404: Not Found)
greenhouse:hanson -> dead (HTTP Error 404: Not Found)
greenhouse:hashboard -> dead (HTTP Error 404: Not Found)
greenhouse:hebbia -> dead (HTTP Error 404: Not Found)
greenhouse:highalphaprelaunch -> dead (HTTP Error 404: Not Found)
greenhouse:higharc -> dead (HTTP Error 404: Not Found)
greenhouse:hightouch -> dead (HTTP Error 404: Not Found)
greenhouse:himshers -> dead (HTTP Error 404: Not Found)
greenhouse:hiya -> dead (HTTP Error 404: Not Found)
greenhouse:honeylove -> dead (HTTP Error 404: Not Found)
greenhouse:hopin -> dead (HTTP Error 404: Not Found)
greenhouse:horizon3 -> dead (HTTP Error 404: Not Found)
greenhouse:houseaccount -> dead (HTTP Error 404: Not Found)
greenhouse:hubspot -> dead (HTTP Error 404: Not Found)
greenhouse:hugoinsurance -> dead (HTTP Error 404: Not Found)
greenhouse:ibkr -> dead (HTTP Error 404: Not Found)
greenhouse:ibkrexternal -> dead (HTTP Error 404: Not Found)
greenhouse:iherb -> dead (HTTP Error 404: Not Found)
greenhouse:ihiterrasun -> dead (HTTP Error 404: Not Found)
greenhouse:impala -> dead (HTTP Error 404: Not Found)
greenhouse:inscopixinc -> dead (HTTP Error 404: Not Found)
greenhouse:integralneuro -> dead (HTTP Error 404: Not Found)
greenhouse:inventables -> dead (HTTP Error 404: Not Found)
greenhouse:invitae -> dead (HTTP Error 404: Not Found)
greenhouse:isrg -> dead (HTTP Error 404: Not Found)
greenhouse:janetechnologies -> dead (HTTP Error 404: Not Found)
greenhouse:jasper23 -> dead (HTTP Error 404: Not Found)
greenhouse:jellyfish -> dead (HTTP Error 404: Not Found)
greenhouse:joinswoop -> dead (HTTP Error 404: Not Found)
greenhouse:junglescout -> dead (HTTP Error 404: Not Found)
greenhouse:jyve -> dead (HTTP Error 404: Not Found)
greenhouse:kaiahealthsoftwaregmbh -> dead (HTTP Error 404: Not Found)
greenhouse:keeptruckin -> dead (HTTP Error 404: Not Found)
greenhouse:klara -> dead (HTTP Error 404: Not Found)
greenhouse:knoetic -> dead (HTTP Error 404: Not Found)
greenhouse:ksanahealthinc -> dead (HTTP Error 404: Not Found)
greenhouse:kustomer -> dead (HTTP Error 404: Not Found)
greenhouse:l5 -> dead (HTTP Error 404: Not Found)
greenhouse:lambda -> dead (HTTP Error 404: Not Found)
greenhouse:larkhealth -> dead (HTTP Error 404: Not Found)
greenhouse:latchbio -> dead (HTTP Error 404: Not Found)
greenhouse:laudioinc -> dead (HTTP Error 404: Not Found)
greenhouse:level -> dead (HTTP Error 404: Not Found)
greenhouse:lightstep -> dead (HTTP Error 404: Not Found)
greenhouse:lingolive -> dead (HTTP Error 404: Not Found)
greenhouse:livelyhearingcorporation -> dead (HTTP Error 404: Not Found)
greenhouse:logdna -> dead (HTTP Error 404: Not Found)
greenhouse:loop -> dead (HTTP Error 404: Not Found)
greenhouse:loyal -> dead (HTTP Error 404: Not Found)
greenhouse:lumos -> dead (HTTP Error 404: Not Found)
greenhouse:magicleapinc -> dead (HTTP Error 404: Not Found)
greenhouse:mapbox -> dead (HTTP Error 404: Not Found)
greenhouse:materialize -> dead (HTTP Error 404: Not Found)
greenhouse:maven -> dead (HTTP Error 404: Not Found)
greenhouse:maxrewards -> dead (HTTP Error 404: Not Found)
greenhouse:meaningfulgigs -> dead (HTTP Error 404: Not Found)
greenhouse:medigo -> dead (HTTP Error 404: Not Found)
greenhouse:meetelise -> dead (HTTP Error 404: Not Found)
greenhouse:meltano -> dead (HTTP Error 404: Not Found)
greenhouse:mercato -> dead (HTTP Error 404: Not Found)
greenhouse:mesamember -> dead (HTTP Error 404: Not Found)
greenhouse:modaoperandi -> dead (HTTP Error 404: Not Found)
greenhouse:modeanalytics -> dead (HTTP Error 404: Not Found)
greenhouse:monad -> dead (HTTP Error 404: Not Found)
greenhouse:moovfinancial -> dead (HTTP Error 404: Not Found)
greenhouse:mosaicml -> dead (HTTP Error 404: Not Found)
greenhouse:mozinternalmana -> dead (HTTP Error 404: Not Found)
greenhouse:mutiny -> dead (HTTP Error 404: Not Found)
greenhouse:ncx -> dead (HTTP Error 404: Not Found)
greenhouse:nearby -> dead (HTTP Error 404: Not Found)
greenhouse:neondatabase -> dead (HTTP Error 404: Not Found)
greenhouse:nerdery -> dead (HTTP Error 404: Not Found)
greenhouse:newstore -> dead (HTTP Error 404: Not Found)
greenhouse:northstar -> dead (HTTP Error 404: Not Found)
greenhouse:notablehealth -> dead (HTTP Error 404: Not Found)
greenhouse:notablelabs -> dead (HTTP Error 404: Not Found)
greenhouse:novig -> dead (HTTP Error 404: Not Found)
greenhouse:nulogy -> dead (HTTP Error 404: Not Found)
greenhouse:nylas -> dead (HTTP Error 404: Not Found)
greenhouse:nzero -> dead (HTTP Error 404: Not Found)
greenhouse:o1labs -> dead (HTTP Error 404: Not Found)
greenhouse:offerfit -> dead (HTTP Error 404: Not Found)
greenhouse:okrainc -> dead (HTTP Error 404: Not Found)
greenhouse:onepointone -> dead (HTTP Error 404: Not Found)
greenhouse:onesignal -> dead (HTTP Error 404: Not Found)
greenhouse:oplabs -> dead (HTTP Error 404: Not Found)
greenhouse:optimism -> dead (HTTP Error 404: Not Found)
greenhouse:osmo -> dead (HTTP Error 404: Not Found)
greenhouse:outlier -> dead (HTTP Error 404: Not Found)
greenhouse:output -> dead (HTTP Error 404: Not Found)
greenhouse:outschool -> dead (HTTP Error 404: Not Found)
greenhouse:pachyderm -> dead (HTTP Error 404: Not Found)
greenhouse:pager -> dead (HTTP Error 404: Not Found)
greenhouse:paige -> dead (HTTP Error 404: Not Found)
greenhouse:pano -> dead (HTTP Error 404: Not Found)
greenhouse:papercliptechnologiesinc -> dead (HTTP Error 404: Not Found)
greenhouse:paradigm62 -> dead (HTTP Error 404: Not Found)
greenhouse:parity -> dead (HTTP Error 404: Not Found)
greenhouse:parker -> dead (HTTP Error 404: Not Found)
greenhouse:parkmobileus -> dead (HTTP Error 404: Not Found)
greenhouse:path -> dead (HTTP Error 404: Not Found)
greenhouse:patreon -> dead (HTTP Error 404: Not Found)
greenhouse:paveakatroveinformationtechnolo -> dead (HTTP Error 404: Not Found)
greenhouse:paytronix -> dead (HTTP Error 404: Not Found)
greenhouse:peak6 -> dead (HTTP Error 404: Not Found)
greenhouse:pearlhealth -> dead (HTTP Error 404: Not Found)
greenhouse:perceptiveautomata -> dead (HTTP Error 404: Not Found)
greenhouse:perch1 -> dead (HTTP Error 404: Not Found)
greenhouse:permutive -> dead (HTTP Error 404: Not Found)
greenhouse:phantom45 -> dead (HTTP Error 404: Not Found)
greenhouse:pitch -> dead (HTTP Error 404: Not Found)
greenhouse:plaid -> dead (HTTP Error 404: Not Found)
greenhouse:planetx -> dead (HTTP Error 404: Not Found)
greenhouse:playvs -> dead (HTTP Error 404: Not Found)
greenhouse:plotly -> dead (HTTP Error 404: Not Found)
greenhouse:plumguide -> dead (HTTP Error 404: Not Found)
greenhouse:point -> dead (HTTP Error 404: Not Found)
greenhouse:pomelocare -> dead (HTTP Error 404: Not Found)
greenhouse:postmates -> dead (HTTP Error 404: Not Found)
greenhouse:prios -> dead (HTTP Error 404: Not Found)
greenhouse:procurify -> dead (HTTP Error 404: Not Found)
greenhouse:promptworks -> dead (HTTP Error 404: Not Found)
greenhouse:propel -> dead (HTTP Error 404: Not Found)
greenhouse:proper -> dead (HTTP Error 404: Not Found)
greenhouse:protocollabs -> dead (HTTP Error 404: Not Found)
greenhouse:pythnetwork -> dead (HTTP Error 404: Not Found)
greenhouse:qualli -> dead (HTTP Error 404: Not Found)
greenhouse:quiknodeinc -> dead (HTTP Error 404: Not Found)
greenhouse:quora -> dead (HTTP Error 404: Not Found)
greenhouse:rabbit -> dead (HTTP Error 404: Not Found)
greenhouse:radarlabs -> dead (HTTP Error 404: Not Found)
greenhouse:radiant -> dead (HTTP Error 404: Not Found)
greenhouse:rapha -> dead (HTTP Error 404: Not Found)
greenhouse:rasa -> dead (HTTP Error 404: Not Found)
greenhouse:recharge -> dead (HTTP Error 404: Not Found)
greenhouse:recogni -> dead (HTTP Error 404: Not Found)
greenhouse:recur -> dead (HTTP Error 404: Not Found)
greenhouse:redpandadata -> dead (HTTP Error 404: Not Found)
greenhouse:reflexionmedical -> dead (HTTP Error 404: Not Found)
greenhouse:regrow -> dead (HTTP Error 404: Not Found)
greenhouse:render -> dead (HTTP Error 404: Not Found)
greenhouse:repeatinc -> dead (HTTP Error 404: Not Found)
greenhouse:replicated -> dead (HTTP Error 404: Not Found)
greenhouse:reptrak -> dead (HTTP Error 404: Not Found)
greenhouse:rhino -> dead (HTTP Error 404: Not Found)
greenhouse:righthandrobotics -> dead (HTTP Error 404: Not Found)
greenhouse:risczero -> dead (HTTP Error 404: Not Found)
greenhouse:rivian -> dead (HTTP Error 404: Not Found)
greenhouse:rokt -> dead (HTTP Error 404: Not Found)
greenhouse:rudderstack -> dead (HTTP Error 404: Not Found)
greenhouse:runelabs -> dead (HTTP Error 404: Not Found)
greenhouse:samedayhealth -> dead (HTTP Error 404: Not Found)
greenhouse:samlabs -> dead (HTTP Error 404: Not Found)
greenhouse:savvyinsure -> dead (HTTP Error 404: Not Found)
greenhouse:semprehealth -> dead (HTTP Error 404: Not Found)
greenhouse:sendwaveapp -> dead (HTTP Error 404: Not Found)
greenhouse:sentilink -> dead (HTTP Error 404: Not Found)
greenhouse:sfgiants -> dead (HTTP Error 404: Not Found)
greenhouse:shaker -> dead (HTTP Error 404: Not Found)
greenhouse:shapetherapeutics -> dead (HTTP Error 404: Not Found)
greenhouse:shopify -> dead (HTTP Error 404: Not Found)
greenhouse:shortcut -> dead (HTTP Error 404: Not Found)
greenhouse:simberobotics -> dead (HTTP Error 404: Not Found)
greenhouse:singleops -> dead (HTTP Error 404: Not Found)
greenhouse:skilljar -> dead (HTTP Error 404: Not Found)
greenhouse:skupos -> dead (HTTP Error 404: Not Found)
greenhouse:skydio -> dead (HTTP Error 404: Not Found)
greenhouse:snap -> dead (HTTP Error 404: Not Found)
greenhouse:snowflakeinc -> dead (HTTP Error 404: Not Found)
greenhouse:sofarocean -> dead (HTTP Error 404: Not Found)
greenhouse:solsten -> dead (HTTP Error 404: Not Found)
greenhouse:sonyinteractiveentertainmentglo -> dead (HTTP Error 404: Not Found)
greenhouse:spacelift -> dead (HTTP Error 404: Not Found)
greenhouse:spanio -> dead (HTTP Error 404: Not Found)
greenhouse:sparksandhoney -> dead (HTTP Error 404: Not Found)
greenhouse:sparrow -> dead (HTTP Error 404: Not Found)
greenhouse:spec -> dead (HTTP Error 404: Not Found)
greenhouse:spotify -> dead (HTTP Error 404: Not Found)
greenhouse:standardai -> dead (HTTP Error 404: Not Found)
greenhouse:stateless -> dead (HTTP Error 404: Not Found)
greenhouse:statestitle -> dead (HTTP Error 404: Not Found)
greenhouse:stationa -> dead (HTTP Error 404: Not Found)
greenhouse:stir -> dead (HTTP Error 404: Not Found)
greenhouse:stord13 -> dead (HTTP Error 404: Not Found)
greenhouse:streamlit -> dead (HTTP Error 404: Not Found)
greenhouse:stylitics -> dead (HTTP Error 404: Not Found)
greenhouse:substack -> dead (HTTP Error 404: Not Found)
greenhouse:supabase -> dead (HTTP Error 404: Not Found)
greenhouse:switchboard -> dead (HTTP Error 404: Not Found)
greenhouse:syllable -> dead (HTTP Error 404: Not Found)
greenhouse:syncari -> dead (HTTP Error 404: Not Found)
greenhouse:synura -> dead (HTTP Error 404: Not Found)
greenhouse:tallywallet -> dead (HTTP Error 404: Not Found)
greenhouse:tandemailimited -> dead (HTTP Error 404: Not Found)
greenhouse:tcapequity -> dead (HTTP Error 404: Not Found)
greenhouse:temporaltechnologies -> dead (HTTP Error 404: Not Found)
greenhouse:thearenagroup -> dead (HTTP Error 404: Not Found)
greenhouse:therma -> dead (HTTP Error 404: Not Found)
greenhouse:thirtymadison -> dead (HTTP Error 404: Not Found)
greenhouse:thousandeyes -> dead (HTTP Error 404: Not Found)
greenhouse:thumbtack -> dead (HTTP Error 404: Not Found)
greenhouse:timescale -> dead (HTTP Error 404: Not Found)
greenhouse:tiney -> dead (HTTP Error 404: Not Found)
greenhouse:titan -> dead (HTTP Error 404: Not Found)
greenhouse:toogoodtogo -> dead (HTTP Error 404: Not Found)
greenhouse:trailofbits -> dead (HTTP Error 404: Not Found)
greenhouse:transcarent -> dead (HTTP Error 404: Not Found)
greenhouse:trayio -> dead (HTTP Error 404: Not Found)
greenhouse:trellis -> dead (HTTP Error 404: Not Found)
greenhouse:trialspark -> dead (HTTP Error 404: Not Found)
greenhouse:tribe -> dead (HTTP Error 404: Not Found)
greenhouse:triplebyte -> dead (HTTP Error 404: Not Found)
greenhouse:truework -> dead (HTTP Error 404: Not Found)
greenhouse:trustmachines -> dead (HTTP Error 404: Not Found)
greenhouse:turo -> dead (HTTP Error 404: Not Found)
greenhouse:tweag -> dead (HTTP Error 404: Not Found)
greenhouse:txm -> dead (HTTP Error 404: Not Found)
greenhouse:u410 -> dead (HTTP Error 404: Not Found)
greenhouse:ultramobile -> dead (HTTP Error 404: Not Found)
greenhouse:unity3d -> dead (HTTP Error 404: Not Found)
greenhouse:upside -> dead (HTTP Error 404: Not Found)
greenhouse:urbanfootprint -> dead (HTTP Error 404: Not Found)
greenhouse:valon -> dead (HTTP Error 404: Not Found)
greenhouse:vault -> dead (HTTP Error 404: Not Found)
greenhouse:veedio -> dead (HTTP Error 404: Not Found)
greenhouse:vendia -> dead (HTTP Error 404: Not Found)
greenhouse:verishop -> dead (HTTP Error 404: Not Found)
greenhouse:veza -> dead (HTTP Error 404: Not Found)
greenhouse:vicai -> dead (HTTP Error 404: Not Found)
greenhouse:virtahealth -> dead (HTTP Error 404: Not Found)
greenhouse:voice -> dead (HTTP Error 404: Not Found)
greenhouse:warbyparker -> dead (HTTP Error 404: Not Found)
greenhouse:webai -> dead (HTTP Error 404: Not Found)
greenhouse:well -> dead (HTTP Error 404: Not Found)
greenhouse:wellth -> dead (HTTP Error 404: Not Found)
greenhouse:whipmedia -> dead (HTTP Error 404: Not Found)
greenhouse:whisperai -> dead (HTTP Error 404: Not Found)
greenhouse:wisdomhealth -> dead (HTTP Error 404: Not Found)
greenhouse:wistia -> dead (HTTP Error 404: Not Found)
greenhouse:wizardsofthecoast -> dead (HTTP Error 404: Not Found)
greenhouse:wormholelabs -> dead (HTTP Error 404: Not Found)
greenhouse:zilliz -> dead (HTTP Error 404: Not Found)
lever:1build -> dead (HTTP Error 404: Not Found)
lever:1password -> dead (HTTP Error 404: Not Found)
lever:3box -> dead (HTTP Error 404: Not Found)
lever:64xbio -> dead (HTTP Error 404: Not Found)
lever:aalto -> dead (HTTP Error 404: Not Found)
lever:aavelabs -> dead (HTTP Error 404: Not Found)
lever:abacus -> dead (HTTP Error 404: Not Found)
lever:academia -> dead (HTTP Error 404: Not Found)
lever:aclaimant -> dead (HTTP Error 404: Not Found)
lever:aclima -> dead (HTTP Error 404: Not Found)
lever:actionnetwork -> dead (HTTP Error 404: Not Found)
lever:activecove -> dead (HTTP Error 404: Not Found)
lever:adaptavist -> dead (HTTP Error 404: Not Found)
lever:aegisventures -> dead (HTTP Error 404: Not Found)
lever:airbyte -> dead (HTTP Error 404: Not Found)
lever:akitasoftware -> dead (HTTP Error 404: Not Found)
lever:alation -> dead (HTTP Error 404: Not Found)
lever:allinbits -> dead (HTTP Error 404: Not Found)
lever:ambassadorlabs -> dead (HTTP Error 404: Not Found)
lever:ambrook -> dead (HTTP Error 404: Not Found)
lever:americanestate -> dead (HTTP Error 404: Not Found)
lever:amused-group -> dead (HTTP Error 404: Not Found)
lever:amyris -> dead (HTTP Error 404: Not Found)
lever:anagenex -> dead (HTTP Error 404: Not Found)
lever:anduril -> dead (HTTP Error 404: Not Found)
lever:angaza -> dead (HTTP Error 404: Not Found)
lever:anglehealth -> dead (HTTP Error 404: Not Found)
lever:animaapp -> dead (HTTP Error 404: Not Found)
lever:aon3d -> dead (HTTP Error 404: Not Found)
lever:applovin -> dead (HTTP Error 404: Not Found)
lever:apt-edge -> dead (HTTP Error 404: Not Found)
lever:asobostudio -> dead (HTTP Error 404: Not Found)
lever:astera -> dead (HTTP Error 404: Not Found)
lever:astranis -> dead (HTTP Error 404: Not Found)
lever:astronomer -> dead (HTTP Error 404: Not Found)
lever:atlassian -> dead (HTTP Error 404: Not Found)
lever:atomic -> dead (HTTP Error 404: Not Found)
lever:automox -> dead (HTTP Error 404: Not Found)
lever:avantifinancialgroup -> dead (HTTP Error 404: Not Found)
lever:babylonhealth -> dead (HTTP Error 404: Not Found)
lever:back -> dead (HTTP Error 404: Not Found)
lever:bateau -> dead (HTTP Error 404: Not Found)
lever:beacon -> dead (HTTP Error 404: Not Found)
lever:beaconai -> dead (HTTP Error 404: Not Found)
lever:bezel -> dead (HTTP Error 404: Not Found)
lever:bill -> dead (HTTP Error 404: Not Found)
lever:blackshark -> dead (HTTP Error 404: Not Found)
lever:bodyport -> dead (HTTP Error 404: Not Found)
lever:bold.org -> dead (HTTP Error 404: Not Found)
lever:boldpenguin -> dead (HTTP Error 404: Not Found)
lever:bolt -> dead (HTTP Error 404: Not Found)
lever:booknooklearning -> dead (HTTP Error 404: Not Found)
lever:boweryfarming -> dead (HTTP Error 404: Not Found)
lever:buildzoom -> dead (HTTP Error 404: Not Found)
lever:button -> dead (HTTP Error 404: Not Found)
lever:camber -> dead (HTTP Error 404: Not Found)
lever:cambly -> dead (HTTP Error 404: Not Found)
lever:caratsandcake -> dead (HTTP Error 404: Not Found)
lever:cardless -> dead (HTTP Error 404: Not Found)
lever:careerkarma -> dead (HTTP Error 404: Not Found)
lever:carespace -> dead (HTTP Error 404: Not Found)
lever:casa -> dead (HTTP Error 404: Not Found)
lever:causal-app -> dead (HTTP Error 404: Not Found)
lever:centml -> dead (HTTP Error 404: Not Found)
lever:cerebrae -> dead (HTTP Error 404: Not Found)
lever:chainlink -> dead (HTTP Error 404: Not Found)
lever:character -> dead (HTTP Error 404: Not Found)
lever:chefrobotics -> dead (HTTP Error 404: Not Found)
lever:cision -> dead (HTTP Error 404: Not Found)
lever:citrineinformatics -> dead (HTTP Error 404: Not Found)
lever:claypot -> dead (HTTP Error 404: Not Found)
lever:close.io -> dead (HTTP Error 404: Not Found)
lever:coalesce.io -> dead (HTTP Error 404: Not Found)
lever:cofactr -> dead (HTTP Error 404: Not Found)
lever:cohere -> dead (HTTP Error 404: Not Found)
lever:collab -> dead (HTTP Error 404: Not Found)
lever:comm-app -> dead (HTTP Error 404: Not Found)
lever:composeai -> dead (HTTP Error 404: Not Found)
lever:compound -> dead (HTTP Error 404: Not Found)
lever:compound-2 -> dead (HTTP Error 404: Not Found)
lever:conduktor -> dead (HTTP Error 404: Not Found)
lever:confluent -> dead (HTTP Error 404: Not Found)
lever:connectly -> dead (HTTP Error 404: Not Found)
lever:convoy -> dead (HTTP Error 404: Not Found)
lever:coramai -> dead (HTTP Error 404: Not Found)
lever:coredigitalmedia -> dead (HTTP Error 404: Not Found)
lever:corti -> dead (HTTP Error 404: Not Found)
lever:covariant -> dead (HTTP Error 404: Not Found)
lever:craft -> dead (HTTP Error 404: Not Found)
lever:cresta -> dead (HTTP Error 404: Not Found)
lever:crosschq -> dead (HTTP Error 404: Not Found)
lever:crunchbase -> dead (HTTP Error 404: Not Found)
lever:d-edge -> dead (HTTP Error 404: Not Found)
lever:dbtlabs -> dead (HTTP Error 404: Not Found)
lever:deft -> dead (HTTP Error 404: Not Found)
lever:deliveryrelay -> dead (HTTP Error 404: Not Found)
lever:develophealth.io -> dead (HTTP Error 404: Not Found)
lever:dipseastories -> dead (HTTP Error 404: Not Found)
lever:divergent3d -> dead (HTTP Error 404: Not Found)
lever:divvyhomes -> dead (HTTP Error 404: Not Found)
lever:doppler -> dead (HTTP Error 404: Not Found)
lever:drchrono -> dead (HTTP Error 404: Not Found)
lever:drivekyte -> dead (HTTP Error 404: Not Found)
lever:droneseed -> dead (HTTP Error 404: Not Found)
lever:dwavesys -> dead (HTTP Error 404: Not Found)
lever:dynamoai -> dead (HTTP Error 404: Not Found)
lever:ecosia -> dead (HTTP Error 404: Not Found)
lever:edenhealth -> dead (HTTP Error 404: Not Found)
lever:edge-impulse -> dead (HTTP Error 404: Not Found)
lever:eigentherapeutics -> dead (HTTP Error 404: Not Found)
lever:esper-3 -> dead (HTTP Error 404: Not Found)
lever:ether-fi -> dead (HTTP Error 404: Not Found)
lever:ethereumfoundation -> dead (HTTP Error 404: Not Found)
lever:eve -> dead (HTTP Error 404: Not Found)
lever:eventbrite -> dead (HTTP Error 404: Not Found)
lever:evergrow -> dead (HTTP Error 404: Not Found)
lever:fanatics -> dead (HTTP Error 404: Not Found)
lever:fast -> dead (HTTP Error 404: Not Found)
lever:fastradius -> dead (HTTP Error 404: Not Found)
lever:fathomradiant -> dead (HTTP Error 404: Not Found)
lever:fazzfinancial -> dead (HTTP Error 404: Not Found)
lever:feedmedia -> dead (HTTP Error 404: Not Found)
lever:finfare -> dead (HTTP Error 404: Not Found)
lever:firstround -> dead (HTTP Error 404: Not Found)
lever:fishtail -> dead (HTTP Error 404: Not Found)
lever:fishtownanalytics -> dead (HTTP Error 404: Not Found)
lever:flaconi -> dead (HTTP Error 404: Not Found)
lever:formant -> dead (HTTP Error 404: Not Found)
lever:formenergy -> dead (HTTP Error 404: Not Found)
lever:forusall -> dead (HTTP Error 404: Not Found)
lever:fractal-is -> dead (HTTP Error 404: Not Found)
lever:fractional -> dead (HTTP Error 404: Not Found)
lever:framework -> dead (HTTP Error 404: Not Found)
lever:frontapp -> dead (HTTP Error 404: Not Found)
lever:gametime -> dead (HTTP Error 404: Not Found)
lever:generallyintelligent -> dead (HTTP Error 404: Not Found)
lever:genesistherapeutics -> dead (HTTP Error 404: Not Found)
lever:getaround -> dead (HTTP Error 404: Not Found)
lever:getlago -> dead (HTTP Error 404: Not Found)
lever:givecampus -> dead (HTTP Error 404: Not Found)
lever:goexpedi -> dead (HTTP Error 404: Not Found)
lever:gonoyo -> dead (HTTP Error 404: Not Found)
lever:goodrx -> dead (HTTP Error 404: Not Found)
lever:graphcdn -> dead (HTTP Error 404: Not Found)
lever:groundspeed -> dead (HTTP Error 404: Not Found)
lever:grouparoo -> dead (HTTP Error 404: Not Found)
lever:hadrian -> dead (HTTP Error 404: Not Found)
lever:hazelanalytics -> dead (HTTP Error 404: Not Found)
lever:hcgfunds -> dead (HTTP Error 404: Not Found)
lever:headspace -> dead (HTTP Error 404: Not Found)
lever:healthverity -> dead (HTTP Error 404: Not Found)
lever:heartflow -> dead (HTTP Error 404: Not Found)
lever:heliolytics -> dead (HTTP Error 404: Not Found)
lever:heretic-fund -> dead (HTTP Error 404: Not Found)
lever:himama -> dead (HTTP Error 404: Not Found)
lever:himaxwell -> dead (HTTP Error 404: Not Found)
lever:hingehealth -> dead (HTTP Error 404: Not Found)
lever:hipcamp -> dead (HTTP Error 404: Not Found)
lever:hivemapper -> dead (HTTP Error 404: Not Found)
lever:homebound -> dead (HTTP Error 404: Not Found)
lever:homechef -> dead (HTTP Error 404: Not Found)
lever:homelister -> dead (HTTP Error 404: Not Found)
lever:hopper -> dead (HTTP Error 404: Not Found)
lever:ifttt -> dead (HTTP Error 404: Not Found)
lever:imperfectfoods -> dead (HTTP Error 404: Not Found)
lever:indico -> dead (HTTP Error 404: Not Found)
lever:insightm -> dead (HTTP Error 404: Not Found)
lever:invenia -> dead (HTTP Error 404: Not Found)
lever:ironfish -> dead (HTTP Error 404: Not Found)
lever:isometrictechnologies -> dead (HTTP Error 404: Not Found)
lever:iterative -> dead (HTTP Error 404: Not Found)
lever:jina-ai -> dead (HTTP Error 404: Not Found)
lever:juniperplatform -> dead (HTTP Error 404: Not Found)
lever:kandji -> dead (HTTP Error 404: Not Found)
lever:kbit -> dead (HTTP Error 404: Not Found)
lever:kensho -> dead (HTTP Error 404: Not Found)
lever:kikoff -> dead (HTTP Error 404: Not Found)
lever:kittyhawk.aero -> dead (HTTP Error 404: Not Found)
lever:kong -> dead (HTTP Error 404: Not Found)
lever:kubecost -> dead (HTTP Error 404: Not Found)
lever:landing -> dead (HTTP Error 404: Not Found)
lever:layer -> dead (HTTP Error 404: Not Found)
lever:leasequery -> dead (HTTP Error 404: Not Found)
lever:lendable -> dead (HTTP Error 404: Not Found)
lever:level -> dead (HTTP Error 404: Not Found)
lever:lime -> dead (HTTP Error 404: Not Found)
lever:limitless -> dead (HTTP Error 404: Not Found)
lever:linea -> dead (HTTP Error 404: Not Found)
lever:localfoodgroup -> dead (HTTP Error 404: Not Found)
lever:loftfederal -> dead (HTTP Error 404: Not Found)
lever:lucidmotors -> dead (HTTP Error 404: Not Found)
lever:lumindigital -> dead (HTTP Error 404: Not Found)
lever:lunafinancial -> dead (HTTP Error 404: Not Found)
lever:lustre -> dead (HTTP Error 404: Not Found)
lever:mainstreet -> dead (HTTP Error 404: Not Found)
lever:marlettefunding -> dead (HTTP Error 404: Not Found)
lever:matician -> dead (HTTP Error 404: Not Found)
lever:mattermost -> dead (HTTP Error 404: Not Found)
lever:mbrdna -> dead (HTTP Error 404: Not Found)
lever:medchart -> dead (HTTP Error 404: Not Found)
lever:mediafly -> dead (HTTP Error 404: Not Found)
lever:medialab -> dead (HTTP Error 404: Not Found)
lever:meter -> dead (HTTP Error 404: Not Found)
lever:mimoto -> dead (HTTP Error 404: Not Found)
lever:mint-songs -> dead (HTTP Error 404: Not Found)
lever:modern -> dead (HTTP Error 404: Not Found)
lever:moment-ranks -> dead (HTTP Error 404: Not Found)
lever:monarchmoney -> dead (HTTP Error 404: Not Found)
lever:monkshillventures -> dead (HTTP Error 404: Not Found)
lever:monumental -> dead (HTTP Error 404: Not Found)
lever:moonshotbrands -> dead (HTTP Error 404: Not Found)
lever:nautical-commerce -> dead (HTTP Error 404: Not Found)
lever:neednova -> dead (HTTP Error 404: Not Found)
lever:netflix -> dead (HTTP Error 404: Not Found)
lever:newfrontinsurance -> dead (HTTP Error 404: Not Found)
lever:nonfungibletechnologies -> dead (HTTP Error 404: Not Found)
lever:normai -> dead (HTTP Error 404: Not Found)
lever:noteable -> dead (HTTP Error 404: Not Found)
lever:novi -> dead (HTTP Error 404: Not Found)
lever:noyo -> dead (HTTP Error 404: Not Found)
lever:nylas -> dead (HTTP Error 404: Not Found)
lever:obie -> dead (HTTP Error 404: Not Found)
lever:ocrolus -> dead (HTTP Error 404: Not Found)
lever:om1 -> dead (HTTP Error 404: Not Found)
lever:ondeck -> dead (HTTP Error 404: Not Found)
lever:onesignal -> dead (HTTP Error 404: Not Found)
lever:onfido -> dead (HTTP Error 404: Not Found)
lever:ontic -> dead (HTTP Error 404: Not Found)
lever:opaque-systems -> dead (HTTP Error 404: Not Found)
lever:opendoor -> dead (HTTP Error 404: Not Found)
lever:openstore -> dead (HTTP Error 404: Not Found)
lever:orcamobility -> dead (HTTP Error 404: Not Found)
lever:orum -> dead (HTTP Error 404: Not Found)
lever:oso -> dead (HTTP Error 404: Not Found)
lever:ouster -> dead (HTTP Error 404: Not Found)
lever:owner -> dead (HTTP Error 404: Not Found)
lever:paperspace -> dead (HTTP Error 404: Not Found)
lever:peek -> dead (HTTP Error 404: Not Found)
lever:pennylane -> dead (HTTP Error 404: Not Found)
lever:percona -> dead (HTTP Error 404: Not Found)
lever:petalcard -> dead (HTTP Error 404: Not Found)
lever:pex -> dead (HTTP Error 404: Not Found)
lever:phylum -> dead (HTTP Error 404: Not Found)
lever:planting.space -> dead (HTTP Error 404: Not Found)
lever:plus -> dead (HTTP Error 404: Not Found)
lever:pocketworlds -> dead (HTTP Error 404: Not Found)
lever:policyfly -> dead (HTTP Error 404: Not Found)
lever:prelude -> dead (HTTP Error 404: Not Found)
lever:prestashop -> dead (HTTP Error 404: Not Found)
lever:prevail -> dead (HTTP Error 404: Not Found)
lever:primerio -> dead (HTTP Error 404: Not Found)
lever:printavo -> dead (HTTP Error 404: Not Found)
lever:prolegis -> dead (HTTP Error 404: Not Found)
lever:proteinqure -> dead (HTTP Error 404: Not Found)
lever:qualified -> dead (HTTP Error 404: Not Found)
lever:quantlabs -> dead (HTTP Error 404: Not Found)
lever:quantumcircuits -> dead (HTTP Error 404: Not Found)
lever:quitgenius -> dead (HTTP Error 404: Not Found)
lever:qventus -> dead (HTTP Error 404: Not Found)
lever:radai -> dead (HTTP Error 404: Not Found)
lever:radicalai -> dead (HTTP Error 404: Not Found)
lever:raincards -> dead (HTTP Error 404: Not Found)
lever:rainforest -> dead (HTTP Error 404: Not Found)
lever:rappi -> dead (HTTP Error 404: Not Found)
lever:raptormaps -> dead (HTTP Error 404: Not Found)
lever:recrue -> dead (HTTP Error 404: Not Found)
lever:recurly -> dead (HTTP Error 404: Not Found)
lever:redpanda.com -> dead (HTTP Error 404: Not Found)
lever:regalvoice -> dead (HTTP Error 404: Not Found)
lever:reifyhealth -> dead (HTTP Error 404: Not Found)
lever:relayr -> dead (HTTP Error 404: Not Found)
lever:render -> dead (HTTP Error 404: Not Found)
lever:republic -> dead (HTTP Error 404: Not Found)
lever:returntocorp -> dead (HTTP Error 404: Not Found)
lever:revivn.com -> dead (HTTP Error 404: Not Found)
lever:revolut -> dead (HTTP Error 404: Not Found)
lever:rewind.ai -> dead (HTTP Error 404: Not Found)
lever:ritual -> dead (HTTP Error 404: Not Found)
lever:roboflow -> dead (HTTP Error 404: Not Found)
lever:robustintelligence -> dead (HTTP Error 404: Not Found)
lever:rockset -> dead (HTTP Error 404: Not Found)
lever:roofstock -> dead (HTTP Error 404: Not Found)
lever:scribd -> dead (HTTP Error 404: Not Found)
lever:seekai -> dead (HTTP Error 404: Not Found)
lever:seesaw -> dead (HTTP Error 404: Not Found)
lever:sensortower -> dead (HTTP Error 404: Not Found)
lever:serverless -> dead (HTTP Error 404: Not Found)
lever:sewerai -> dead (HTTP Error 404: Not Found)
lever:simberobotics -> dead (HTTP Error 404: Not Found)
lever:siteline -> dead (HTTP Error 404: Not Found)
lever:skool -> dead (HTTP Error 404: Not Found)
lever:skulabs -> dead (HTTP Error 404: Not Found)
lever:skykick -> dead (HTTP Error 404: Not Found)
lever:slab -> dead (HTTP Error 404: Not Found)
lever:smartcar -> dead (HTTP Error 404: Not Found)
lever:spacemaker -> dead (HTTP Error 404: Not Found)
lever:sparrow -> dead (HTTP Error 404: Not Found)
lever:sphinxdefense -> dead (HTTP Error 404: Not Found)
lever:splashfinancial -> dead (HTTP Error 404: Not Found)
lever:sprucesystems -> dead (HTTP Error 404: Not Found)
lever:stackbit -> dead (HTTP Error 404: Not Found)
lever:stackblitz -> dead (HTTP Error 404: Not Found)
lever:stream-native -> dead (HTTP Error 404: Not Found)
lever:streetcontxt -> dead (HTTP Error 404: Not Found)
lever:strongdm -> dead (HTTP Error 404: Not Found)
lever:swoopapp -> dead (HTTP Error 404: Not Found)
lever:talentwall -> dead (HTTP Error 404: Not Found)
lever:teachinglab -> dead (HTTP Error 404: Not Found)
lever:techmatters -> dead (HTTP Error 404: Not Found)
lever:teckro -> dead (HTTP Error 404: Not Found)
lever:temporal -> dead (HTTP Error 404: Not Found)
lever:terrastruct -> dead (HTTP Error 404: Not Found)
lever:testfit -> dead (HTTP Error 404: Not Found)
lever:theguarantors -> dead (HTTP Error 404: Not Found)
lever:thenudge -> dead (HTTP Error 404: Not Found)
lever:thetrainline -> dead (HTTP Error 404: Not Found)
lever:threekit -> dead (HTTP Error 404: Not Found)
lever:tive -> dead (HTTP Error 404: Not Found)
lever:tmlt -> dead (HTTP Error 404: Not Found)
lever:tonal -> dead (HTTP Error 404: Not Found)
lever:trailofbits -> dead (HTTP Error 404: Not Found)
lever:truepill -> dead (HTTP Error 404: Not Found)
lever:trussworks -> dead (HTTP Error 404: Not Found)
lever:trustedhealth -> dead (HTTP Error 404: Not Found)
lever:truveris -> dead (HTTP Error 404: Not Found)
lever:trycourier -> dead (HTTP Error 404: Not Found)
lever:twisp -> dead (HTTP Error 404: Not Found)
lever:udemy -> dead (HTTP Error 404: Not Found)
lever:uncountable -> dead (HTTP Error 404: Not Found)
lever:unleash-live -> dead (HTTP Error 404: Not Found)
lever:untether -> dead (HTTP Error 404: Not Found)
lever:upmetrics -> dead (HTTP Error 404: Not Found)
lever:ursamajortech -> dead (HTTP Error 404: Not Found)
lever:urwelcome -> dead (HTTP Error 404: Not Found)
lever:valon -> dead (HTTP Error 404: Not Found)
lever:vannevarlabs-2 -> dead (HTTP Error 404: Not Found)
lever:vectara -> dead (HTTP Error 404: Not Found)
lever:veho -> dead (HTTP Error 404: Not Found)
lever:vesta-tech -> dead (HTTP Error 404: Not Found)
lever:vetspire -> dead (HTTP Error 404: Not Found)
lever:vetted -> dead (HTTP Error 404: Not Found)
lever:veyo -> dead (HTTP Error 404: Not Found)
lever:via -> dead (HTTP Error 404: Not Found)
lever:vinted -> dead (HTTP Error 404: Not Found)
lever:vowel -> dead (HTTP Error 404: Not Found)
lever:voxel -> dead (HTTP Error 404: Not Found)
lever:wandb -> dead (HTTP Error 404: Not Found)
lever:wasabi -> dead (HTTP Error 404: Not Found)
lever:wefunder -> dead (HTTP Error 404: Not Found)
lever:wellsaidlabs -> dead (HTTP Error 404: Not Found)
lever:whatnot -> dead (HTTP Error 404: Not Found)
lever:workos -> dead (HTTP Error 404: Not Found)
lever:xero -> dead (HTTP Error 404: Not Found)
lever:xfers -> dead (HTTP Error 404: Not Found)
lever:yieldstreet -> dead (HTTP Error 404: Not Found)
lever:you -> dead (HTTP Error 404: Not Found)
lever:zadara -> dead (HTTP Error 404: Not Found)
lever:zencastr -> dead (HTTP Error 404: Not Found)
lever:zignallabs -> dead (HTTP Error 404: Not Found)
lever:zoba -> dead (HTTP Error 404: Not Found)
ashby:7gen -> LIVE 0 jobs
ashby:9-mothers -> LIVE 7 jobs
ashby:adaptive -> LIVE 11 jobs
ashby:aesthetic -> dead (HTTP Error 404: Not Found)
ashby:airgoods -> LIVE 2 jobs
ashby:airops -> LIVE 22 jobs
ashby:aiuc -> LIVE 12 jobs
ashby:akur8 -> LIVE 13 jobs
ashby:alembic -> LIVE 14 jobs
ashby:allspice -> LIVE 6 jobs
ashby:alpaca -> dead (HTTP Error 404: Not Found)
ashby:altimate -> LIVE 5 jobs
ashby:ameba -> LIVE 2 jobs
ashby:ami -> LIVE 7 jobs
ashby:amo -> LIVE 33 jobs
ashby:amperos -> LIVE 17 jobs
ashby:anima -> LIVE 8 jobs
ashby:anterior -> LIVE 5 jobs
ashby:antithesis -> LIVE 23 jobs
ashby:apfusion -> dead (HTTP Error 404: Not Found)
ashby:aptura -> LIVE 31 jobs
ashby:arcadeai -> LIVE 6 jobs
ashby:ario -> dead (HTTP Error 404: Not Found)
ashby:artificialanalysis -> LIVE 18 jobs
ashby:ascend -> dead (HTTP Error 404: Not Found)
ashby:astera -> LIVE 40 jobs
ashby:astral -> LIVE 0 jobs
ashby:astronomer -> LIVE 23 jobs
ashby:ataraxis-ai -> LIVE 16 jobs
ashby:atomic-financial -> LIVE 3 jobs
ashby:atomicsemi -> dead (HTTP Error 404: Not Found)
ashby:august-health -> LIVE 4 jobs
ashby:aureliussystems -> LIVE 11 jobs
ashby:authenticins -> dead (HTTP Error 404: Not Found)
ashby:authorium -> LIVE 7 jobs
ashby:aven -> LIVE 8 jobs
ashby:avenue -> dead (HTTP Error 404: Not Found)
ashby:axle-careers -> LIVE 12 jobs
ashby:backmarket -> LIVE 34 jobs
ashby:baseten -> LIVE 111 jobs
ashby:basis-ai -> LIVE 47 jobs
ashby:beacon -> dead (HTTP Error 404: Not Found)
ashby:bear -> dead (HTTP Error 404: Not Found)
ashby:bedrock -> dead (HTTP Error 404: Not Found)
ashby:bitnomial -> LIVE 0 jobs
ashby:blaxel -> LIVE 0 jobs
ashby:bliro -> LIVE 6 jobs
ashby:blueberrypediatrics -> LIVE 8 jobs
ashby:boon -> LIVE 3 jobs
ashby:breadboard -> dead (HTTP Error 404: Not Found)
ashby:brigit -> LIVE 14 jobs
ashby:caldera -> dead (HTTP Error 404: Not Found)
ashby:cambly -> LIVE 7 jobs
ashby:cantina -> LIVE 18 jobs
ashby:capimoney -> LIVE 7 jobs
ashby:cargado -> LIVE 1 jobs
ashby:castletontower -> LIVE 7 jobs
ashby:category-labs -> LIVE 1 jobs
ashby:census -> dead (HTTP Error 404: Not Found)
ashby:center -> dead (HTTP Error 404: Not Found)
ashby:character -> LIVE 13 jobs
ashby:charge-robotics -> LIVE 14 jobs
ashby:chariotclaims -> LIVE 6 jobs
ashby:checkly -> LIVE 3 jobs
ashby:chestnut -> LIVE 4 jobs
ashby:chipstack -> dead (HTTP Error 404: Not Found)
ashby:civic%20roundtable -> LIVE 2 jobs
ashby:clarium -> LIVE 10 jobs
ashby:cleric -> LIVE 1 jobs
ashby:clerk -> LIVE 2 jobs
ashby:clickhouse -> LIVE 196 jobs
ashby:close -> LIVE 6 jobs
ashby:cloudtrucks -> LIVE 3 jobs
ashby:codeium -> dead (HTTP Error 404: Not Found)
ashby:coder -> LIVE 27 jobs
ashby:cognition -> LIVE 100 jobs
ashby:cointracker -> LIVE 0 jobs
ashby:colonist -> LIVE 4 jobs
ashby:column -> LIVE 19 jobs
ashby:comity -> LIVE 4 jobs
ashby:comm -> dead (HTTP Error 404: Not Found)
ashby:commsor -> dead (HTTP Error 404: Not Found)
ashby:communityphone -> dead (HTTP Error 404: Not Found)
ashby:compa -> LIVE 5 jobs
ashby:compass-reg -> dead (HTTP Error 404: Not Found)
ashby:complement -> LIVE 1 jobs
ashby:compound -> LIVE 7 jobs
ashby:conductorone -> dead (HTTP Error 404: Not Found)
ashby:confido -> LIVE 36 jobs
ashby:continua -> dead (HTTP Error 404: Not Found)
ashby:continue -> dead (HTTP Error 404: Not Found)
ashby:convictional -> dead (HTTP Error 404: Not Found)
ashby:coram-ai -> LIVE 43 jobs
ashby:coreflow -> LIVE 8 jobs
ashby:cortex -> dead (HTTP Error 404: Not Found)
ashby:counsel -> LIVE 13 jobs
ashby:count -> LIVE 0 jobs
ashby:cradlebio -> LIVE 9 jobs
ashby:creditgenie -> LIVE 13 jobs
ashby:crusoe -> LIVE 353 jobs
ashby:cruxclimate -> LIVE 14 jobs
ashby:curie -> dead (HTTP Error 404: Not Found)
ashby:datologyai -> LIVE 12 jobs
ashby:deepl -> LIVE 7 jobs
ashby:deepsetai -> LIVE 4 jobs
ashby:deeter-analytics -> LIVE 3 jobs
ashby:diagrid -> dead (<urlopen error timed out>)
ashby:dialogueai -> dead (<urlopen error timed out>)
ashby:dimensional -> dead (<urlopen error timed out>)
ashby:discovery-loop -> dead (<urlopen error timed out>)
ashby:distyl -> dead (<urlopen error timed out>)
ashby:ditto -> dead (<urlopen error timed out>)
ashby:dryft -> dead (<urlopen error timed out>)
ashby:duck-duck-go -> dead (<urlopen error timed out>)
ashby:dune -> dead (<urlopen error timed out>)
ashby:eagle -> dead (<urlopen error timed out>)
ashby:edlink -> dead (<urlopen error timed out>)
ashby:eightsleep -> dead (<urlopen error timed out>)
ashby:electronx -> dead (<urlopen error timed out>)
ashby:eliseai -> dead (<urlopen error timed out>)
ashby:ephemera -> dead (<urlopen error timed out>)
ashby:equals -> dead (<urlopen error timed out>)
ashby:ether.fi -> dead (<urlopen error timed out>)
ashby:evenup -> dead (<urlopen error timed out>)
ashby:everis -> dead (<urlopen error timed out>)
ashby:evervault -> dead (<urlopen error timed out>)
ashby:extend -> dead (<urlopen error timed out>)
ashby:fanvue.com -> dead (<urlopen error timed out>)
ashby:fathom.video -> dead (<urlopen error timed out>)
ashby:feldera -> dead (<urlopen error timed out>)
ashby:felix -> dead (<urlopen error timed out>)
ashby:fella -> dead (<urlopen error timed out>)
ashby:firetiger -> dead (<urlopen error timed out>)
ashby:flaglerhealth -> dead (<urlopen error timed out>)
ashby:fleetworks -> dead (<urlopen error timed out>)
ashby:fluidstack -> dead (<urlopen error timed out>)
ashby:flux -> dead (<urlopen error timed out>)
ashby:footprint -> dead (<urlopen error timed out>)
ashby:forus -> dead (<urlopen error timed out>)
ashby:found -> dead (<urlopen error timed out>)
ashby:fractional-ai -> dead (<urlopen error timed out>)
ashby:framenergy -> dead (<urlopen error timed out>)
ashby:freeplay -> dead (<urlopen error timed out>)
ashby:frontcareers -> dead (<urlopen error timed out>)
ashby:fundamentalresearchlabs -> dead (<urlopen error timed out>)
ashby:g2i -> dead (<urlopen error timed out>)
ashby:gigaml -> dead (<urlopen error timed out>)
ashby:goodcover -> dead (<urlopen error timed out>)
ashby:gordiansoftware -> dead (<urlopen error timed out>)
ashby:govsignals -> dead (<urlopen error timed out>)
ashby:graymatter-robotics -> dead (<urlopen error timed out>)
ashby:greatquestion -> dead (<urlopen error timed out>)
ashby:griffin -> dead (<urlopen error timed out>)
ashby:growfig -> dead (<urlopen error timed out>)
ashby:growtherapy -> dead (<urlopen error timed out>)
ashby:gruntwork -> dead (<urlopen error timed out>)
ashby:gtv -> dead (<urlopen error timed out>)
ashby:happyscribe.com -> dead (<urlopen error timed out>)
ashby:harmonic -> dead (<urlopen error timed out>)
ashby:hashboard -> dead (<urlopen error timed out>)
ashby:higharc -> dead (<urlopen error timed out>)
ashby:hike-medical -> dead (<urlopen error timed out>)
ashby:hinoki -> dead (<urlopen error timed out>)
ashby:hive.co -> dead (<urlopen error timed out>)
ashby:hiya -> dead (<urlopen error timed out>)
ashby:homevision -> dead (<urlopen error timed out>)
ashby:honey%20homes -> dead (<urlopen error timed out>)
ashby:humaans -> dead (<urlopen error timed out>)
ashby:hyperspace -> dead (<urlopen error timed out>)
ashby:hyperspell -> dead (<urlopen error timed out>)
ashby:iceye -> dead (<urlopen error timed out>)
ashby:imprint -> dead (<urlopen error timed out>)
ashby:inductive-bio -> dead (<urlopen error timed out>)
ashby:infisical -> dead (<urlopen error timed out>)
ashby:inngest -> dead (<urlopen error timed out>)
ashby:iris -> dead (<urlopen error timed out>)
ashby:ironcladhq -> dead (<urlopen error timed out>)
ashby:jupus -> dead (<urlopen error timed out>)
ashby:k2space -> dead (<urlopen error Remote end closed connection without response>)
