greenhouse:0x -> dead (HTTP Error 404: Not Found)
greenhouse:100x -> dead (HTTP Error 404: Not Found)
greenhouse:10xgenomics -> dead (HTTP Error 404: Not Found)
greenhouse:8thwall -> dead (HTTP Error 404: Not Found)
greenhouse:acelerate -> dead (HTTP Error 404: Not Found)
greenhouse:aclima -> dead (HTTP Error 404: Not Found)
greenhouse:acrisureinnovation -> dead (HTTP Error 404: Not Found)
greenhouse:adhocteam -> dead (HTTP Error 404: Not Found)
greenhouse:adim -> dead (HTTP Error 404: Not Found)
greenhouse:admarketplaceinc -> dead (HTTP Error 404: Not Found)
greenhouse:aetion -> dead (HTTP Error 404: Not Found)
greenhouse:airbyte -> dead (HTTP Error 404: Not Found)
greenhouse:alma -> dead (HTTP Error 404: Not Found)
greenhouse:alt -> dead (HTTP Error 404: Not Found)
greenhouse:alto -> dead (HTTP Error 404: Not Found)
greenhouse:ambiencehealthcare -> dead (HTTP Error 404: Not Found)
greenhouse:aminohealth -> dead (HTTP Error 404: Not Found)
greenhouse:amplitude -> dead (HTTP Error 404: Not Found)
greenhouse:amun -> dead (HTTP Error 404: Not Found)
greenhouse:appannie -> dead (HTTP Error 404: Not Found)
greenhouse:applytofortue -> dead (HTTP Error 404: Not Found)
greenhouse:applytoguava -> dead (HTTP Error 404: Not Found)
greenhouse:applytonavvable -> dead (HTTP Error 404: Not Found)
greenhouse:applytowaysync -> dead (HTTP Error 404: Not Found)
greenhouse:aptible -> dead (HTTP Error 404: Not Found)
greenhouse:arcadiacareers -> dead (HTTP Error 404: Not Found)
greenhouse:around -> dead (HTTP Error 404: Not Found)
greenhouse:ascertain -> dead (HTTP Error 404: Not Found)
greenhouse:aspireiq -> dead (HTTP Error 404: Not Found)
greenhouse:assembled -> dead (HTTP Error 404: Not Found)
greenhouse:atherdigital -> dead (HTTP Error 404: Not Found)
greenhouse:atolla -> dead (HTTP Error 404: Not Found)
greenhouse:atticus -> dead (HTTP Error 404: Not Found)
greenhouse:avalabs -> dead (HTTP Error 404: Not Found)
greenhouse:avalabsecosystem -> dead (HTTP Error 404: Not Found)
greenhouse:avea -> dead (HTTP Error 404: Not Found)
greenhouse:bcgdv -> dead (HTTP Error 404: Not Found)
greenhouse:beacon67 -> dead (HTTP Error 404: Not Found)
greenhouse:beacons -> dead (HTTP Error 404: Not Found)
greenhouse:beanstalk -> dead (HTTP Error 404: Not Found)
greenhouse:bensonhillinc -> dead (HTTP Error 404: Not Found)
greenhouse:betterup -> dead (HTTP Error 404: Not Found)
greenhouse:bevy -> dead (HTTP Error 404: Not Found)
greenhouse:bittrex -> dead (HTTP Error 404: Not Found)
greenhouse:bluecove -> dead (HTTP Error 404: Not Found)
greenhouse:bluevine -> dead (HTTP Error 404: Not Found)
greenhouse:bobsledinc -> dead (HTTP Error 404: Not Found)
greenhouse:boilerroom -> dead (HTTP Error 404: Not Found)
greenhouse:bondfinancialtechnologies -> dead (HTTP Error 404: Not Found)
greenhouse:braintree -> dead (HTTP Error 404: Not Found)
greenhouse:cadencesolutions -> dead (HTTP Error 404: Not Found)
greenhouse:caffeine -> dead (HTTP Error 404: Not Found)
greenhouse:campusedu -> dead (HTTP Error 404: Not Found)
greenhouse:canva -> dead (HTTP Error 404: Not Found)
greenhouse:carerev -> dead (HTTP Error 404: Not Found)
greenhouse:chainalysis -> dead (HTTP Error 404: Not Found)
greenhouse:chalkinc -> dead (HTTP Error 404: Not Found)
greenhouse:changeorg58 -> dead (HTTP Error 404: Not Found)
greenhouse:chanzuckerbergbiohubinternship -> dead (HTTP Error 404: Not Found)
greenhouse:charnetwork -> dead (HTTP Error 404: Not Found)
greenhouse:chronosphere -> dead (HTTP Error 404: Not Found)
greenhouse:circle -> dead (HTTP Error 404: Not Found)
greenhouse:classkick -> dead (HTTP Error 404: Not Found)
greenhouse:classy -> dead (HTTP Error 404: Not Found)
greenhouse:cleoai -> dead (HTTP Error 404: Not Found)
greenhouse:clickhouse -> dead (HTTP Error 404: Not Found)
greenhouse:clipboardhealth -> dead (HTTP Error 404: Not Found)
greenhouse:closedloop -> dead (HTTP Error 404: Not Found)
greenhouse:cloudbees -> dead (HTTP Error 404: Not Found)
greenhouse:coindesk -> dead (HTTP Error 404: Not Found)
greenhouse:connectedfitness -> dead (HTTP Error 404: Not Found)
greenhouse:contextualai -> dead (HTTP Error 404: Not Found)
greenhouse:convoy -> dead (HTTP Error 404: Not Found)
greenhouse:coursekey -> dead (HTTP Error 404: Not Found)
greenhouse:creditkarma -> dead (HTTP Error 404: Not Found)
greenhouse:cruise -> dead (HTTP Error 404: Not Found)
greenhouse:curativeinc -> dead (HTTP Error 404: Not Found)
greenhouse:cylera -> dead (HTTP Error 404: Not Found)
greenhouse:dashworks -> dead (HTTP Error 404: Not Found)
greenhouse:dbtlabsinc -> dead (HTTP Error 404: Not Found)
greenhouse:deepmind -> dead (HTTP Error 404: Not Found)
greenhouse:dialoguehealthtechnologiesinc -> dead (HTTP Error 404: Not Found)
greenhouse:dittoliveincorporated -> dead (HTTP Error 404: Not Found)
greenhouse:doordash -> dead (HTTP Error 404: Not Found)
greenhouse:drop -> dead (HTTP Error 404: Not Found)
greenhouse:dustyrobotics -> dead (HTTP Error 404: Not Found)
greenhouse:easypost -> dead (HTTP Error 404: Not Found)
greenhouse:edx -> dead (HTTP Error 404: Not Found)
greenhouse:eightsleep -> dead (HTTP Error 404: Not Found)
greenhouse:eleanorhealth -> dead (HTTP Error 404: Not Found)
greenhouse:elementary -> dead (HTTP Error 404: Not Found)
greenhouse:elementaryrobotics -> dead (HTTP Error 404: Not Found)
greenhouse:embed -> dead (HTTP Error 404: Not Found)
greenhouse:emotiveio -> dead (HTTP Error 404: Not Found)
greenhouse:esusu -> dead (HTTP Error 404: Not Found)
greenhouse:fairwinds -> dead (HTTP Error 404: Not Found)
greenhouse:farmstead -> dead (HTTP Error 404: Not Found)
greenhouse:feather -> dead (HTTP Error 404: Not Found)
greenhouse:feedbackloop -> dead (HTTP Error 404: Not Found)
greenhouse:fig -> dead (HTTP Error 404: Not Found)
greenhouse:fireworkcareers -> dead (HTTP Error 404: Not Found)
greenhouse:firstlookmedia -> dead (HTTP Error 404: Not Found)
greenhouse:firstresonance -> dead (HTTP Error 404: Not Found)
greenhouse:fluxai -> dead (HTTP Error 404: Not Found)
greenhouse:forallsecure -> dead (HTTP Error 404: Not Found)
greenhouse:forerunner -> dead (HTTP Error 404: Not Found)
greenhouse:forestry -> dead (HTTP Error 404: Not Found)
greenhouse:forgerock -> dead (HTTP Error 404: Not Found)
greenhouse:fossa -> dead (HTTP Error 404: Not Found)
greenhouse:foundrytechnologiesinc -> dead (HTTP Error 404: Not Found)
greenhouse:foursquare26 -> dead (HTTP Error 404: Not Found)
greenhouse:friendsurance -> dead (HTTP Error 404: Not Found)
greenhouse:fullstory -> dead (HTTP Error 404: Not Found)
greenhouse:geneva -> dead (HTTP Error 404: Not Found)
greenhouse:gigster -> dead (HTTP Error 404: Not Found)
greenhouse:github -> dead (HTTP Error 404: Not Found)
greenhouse:globalincomecoin -> dead (HTTP Error 404: Not Found)
greenhouse:glossgenius -> dead (HTTP Error 404: Not Found)
greenhouse:goclio -> dead (HTTP Error 404: Not Found)
greenhouse:gradientcomfort -> dead (HTTP Error 404: Not Found)
greenhouse:greenparksports -> dead (HTTP Error 404: Not Found)
greenhouse:griffin -> dead (HTTP Error 404: Not Found)
greenhouse:grindr -> dead (HTTP Error 404: Not Found)
greenhouse:gro -> dead (HTTP Error 404: Not Found)
greenhouse:growtherapy -> dead (HTTP Error 404: Not Found)
greenhouse:hanson -> dead (HTTP Error 404: Not Found)
greenhouse:hashboard -> dead (HTTP Error 404: Not Found)
greenhouse:hebbia -> dead (HTTP Error 404: Not Found)
greenhouse:highalphaprelaunch -> dead (HTTP Error 404: Not Found)
greenhouse:higharc -> dead (HTTP Error 404: Not Found)
greenhouse:hightouch -> dead (HTTP Error 404: Not Found)
greenhouse:himshers -> dead (HTTP Error 404: Not Found)
greenhouse:hiya -> dead (HTTP Error 404: Not Found)
greenhouse:honeylove -> dead (HTTP Error 404: Not Found)
greenhouse:hopin -> dead (HTTP Error 404: Not Found)
greenhouse:horizon3 -> dead (HTTP Error 404: Not Found)
greenhouse:houseaccount -> dead (HTTP Error 404: Not Found)
greenhouse:hubspot -> dead (HTTP Error 404: Not Found)
greenhouse:hugoinsurance -> dead (HTTP Error 404: Not Found)
greenhouse:ibkr -> dead (HTTP Error 404: Not Found)
greenhouse:ibkrexternal -> dead (HTTP Error 404: Not Found)
greenhouse:iherb -> dead (HTTP Error 404: Not Found)
greenhouse:ihiterrasun -> dead (HTTP Error 404: Not Found)
greenhouse:impala -> dead (HTTP Error 404: Not Found)
greenhouse:inscopixinc -> dead (HTTP Error 404: Not Found)
greenhouse:integralneuro -> dead (HTTP Error 404: Not Found)
greenhouse:inventables -> dead (HTTP Error 404: Not Found)
greenhouse:invitae -> dead (HTTP Error 404: Not Found)
greenhouse:isrg -> dead (HTTP Error 404: Not Found)
greenhouse:janetechnologies -> dead (HTTP Error 404: Not Found)
greenhouse:jasper23 -> dead (HTTP Error 404: Not Found)
greenhouse:jellyfish -> dead (HTTP Error 404: Not Found)
greenhouse:joinswoop -> dead (HTTP Error 404: Not Found)
greenhouse:junglescout -> dead (HTTP Error 404: Not Found)
greenhouse:jyve -> dead (HTTP Error 404: Not Found)
greenhouse:kaiahealthsoftwaregmbh -> dead (HTTP Error 404: Not Found)
greenhouse:keeptruckin -> dead (HTTP Error 404: Not Found)
greenhouse:klara -> dead (HTTP Error 404: Not Found)
greenhouse:knoetic -> dead (HTTP Error 404: Not Found)
greenhouse:ksanahealthinc -> dead (HTTP Error 404: Not Found)
greenhouse:kustomer -> dead (HTTP Error 404: Not Found)
greenhouse:l5 -> dead (HTTP Error 404: Not Found)
greenhouse:lambda -> dead (HTTP Error 404: Not Found)
greenhouse:larkhealth -> dead (HTTP Error 404: Not Found)
greenhouse:latchbio -> dead (HTTP Error 404: Not Found)
greenhouse:laudioinc -> dead (HTTP Error 404: Not Found)
greenhouse:level -> dead (HTTP Error 404: Not Found)
greenhouse:lightstep -> dead (HTTP Error 404: Not Found)
greenhouse:lingolive -> dead (HTTP Error 404: Not Found)
greenhouse:livelyhearingcorporation -> dead (HTTP Error 404: Not Found)
greenhouse:logdna -> dead (HTTP Error 404: Not Found)
greenhouse:loop -> dead (HTTP Error 404: Not Found)
greenhouse:loyal -> dead (HTTP Error 404: Not Found)
greenhouse:lumos -> dead (HTTP Error 404: Not Found)
greenhouse:magicleapinc -> dead (HTTP Error 404: Not Found)
greenhouse:mapbox -> dead (HTTP Error 404: Not Found)
greenhouse:materialize -> dead (HTTP Error 404: Not Found)
greenhouse:maven -> dead (HTTP Error 404: Not Found)
greenhouse:maxrewards -> dead (HTTP Error 404: Not Found)
greenhouse:meaningfulgigs -> dead (HTTP Error 404: Not Found)
greenhouse:medigo -> dead (HTTP Error 404: Not Found)
greenhouse:meetelise -> dead (HTTP Error 404: Not Found)
greenhouse:meltano -> dead (HTTP Error 404: Not Found)
greenhouse:mercato -> dead (HTTP Error 404: Not Found)
greenhouse:mesamember -> dead (HTTP Error 404: Not Found)
greenhouse:modaoperandi -> dead (HTTP Error 404: Not Found)
